Optimizing Linkage Editor (W.10.02.00.000)        15-Dec-2020 17:35:24

*** Options ***

-subcommand=DefaultBuild\komeya.clnk
-library=DefaultBuild\komeya.lib
-input=DefaultBuild\main.obj
-input=DefaultBuild\sbrk.obj
-input=DefaultBuild\apl_start.obj
-input=DefaultBuild\dbsct.obj
-input=DefaultBuild\ALFSEND.obj
-input=DefaultBuild\INPUT.obj
-input=DefaultBuild\MENU.obj
-input=DefaultBuild\RAM_IO.obj
-input=DefaultBuild\SUB.obj
-input=DefaultBuild\TSCAN.obj
-input=DefaultBuild\WORKSUB.obj
-input=DefaultBuild\SSCAN.obj
-input=DefaultBuild\ISCAN.obj
-input=DefaultBuild\NSCAN.obj
-input=DefaultBuild\ALFRECV.obj
-input=DefaultBuild\KSCAN.obj
-input=DefaultBuild\URIAGE.obj
-input=DefaultBuild\PRINT.obj
-library=LIB\A7000X_P.lib
-library=LIB\ark7000x.lib
-library=LIB\capture.lib
-noprelink
-rom=D=R,D_1=R_1,D_2=R_2
-output=DefaultBuild\komeya.abs
-list=DefaultBuild\komeya.map
-optimize=safe
-start=PAplProgStart,C_1,C_2,C,C$*,D_1,D_2,D,P,W*,L/08300000,BAplProgEnd/083FFFF8,B_1,R_1,B_2,R_2,B,R/08400000,BAplWorkEnd/08500000
-nologo
-end

*** Error information ***

*** Mapping List ***

SECTION                            START      END         SIZE   ALIGN

PAplProgStart
                                  08300000  08300007         8   4
C_1
                                  08300008  0830038b       384   4
C_2
                                  0830038c  083005cd       242   2
C
                                  083005d0  0830066f        a0   4
C$DSEC
                                  08300670  08300693        24   4
C$BSEC
                                  08300694  083006ab        18   4
D_1
                                  083006ac  083007dc       131   1
D_2
                                  083007de  08300a11       234   2
D
                                  08300a14  08300d07       2f4   4
P
                                  08300d08  08311343     1063c   4
W_1
                                  08311344  0831135b        18   4
W_2
                                  0831135c  083113a3        48   2
W
                                  083113a4  083113a4         0   4
L
                                  083113a4  08312688      12e5   4
BAplProgEnd
                                  083ffff8  083ffffb         4   4
B_1
                                  08400000  0840577f      5780   1
R_1
                                  08405780  084058b0       131   1
B_2
                                  084058b2  084058dd        2c   2
R_2
                                  084058de  08405b11       234   2
B
                                  08405b14  08406247       734   4
R
                                  08406248  0840653b       2f4   4
BAplWorkEnd
                                  08500000  08500003         4   4
