Optimizing Linkage Editor (W.10.02.00.000)        01-Dec-2020 16:29:07

*** Options ***

-subcommand=DefaultBuild\komeya.clnk
-library=DefaultBuild\komeya.lib
-input=DefaultBuild\main.obj
-input=DefaultBuild\sbrk.obj
-input=DefaultBuild\apl_start.obj
-input=DefaultBuild\dbsct.obj
-input=DefaultBuild\ALFSEND.obj
-input=DefaultBuild\INPUT.obj
-input=DefaultBuild\MENU.obj
-input=DefaultBuild\RAM_IO.obj
-input=DefaultBuild\SUB.obj
-input=DefaultBuild\TSCAN.obj
-input=DefaultBuild\WORKSUB.obj
-input=DefaultBuild\SSCAN.obj
-input=DefaultBuild\ISCAN.obj
-input=DefaultBuild\NSCAN.obj
-input=DefaultBuild\ALFRECV.obj
-input=DefaultBuild\KSCAN.obj
-input=DefaultBuild\URIAGE.obj
-input=DefaultBuild\PRINT.obj
-library=LIB\A7000X_P.lib
-library=LIB\ark7000x.lib
-library=LIB\capture.lib
-noprelink
-rom=D=R,D_1=R_1,D_2=R_2
-output=DefaultBuild\komeya.abs
-list=DefaultBuild\komeya.map
-optimize=safe
-start=PAplProgStart,C_1,C_2,C,C$*,D_1,D_2,D,P,W*,L/08300000,BAplProgEnd/083FFFF8,B_1,R_1,B_2,R_2,B,R/08400000,BAplWorkEnd/08500000
-nologo
-end

*** Error information ***

*** Mapping List ***

SECTION                            START      END         SIZE   ALIGN

PAplProgStart
                                  08300000  08300007         8   4
C_1
                                  08300008  08300339       332   4
C_2
                                  0830033a  0830057b       242   2
C
                                  0830057c  0830061b        a0   4
C$DSEC
                                  0830061c  0830063f        24   4
C$BSEC
                                  08300640  08300657        18   4
D_1
                                  08300658  08300788       131   1
D_2
                                  0830078a  083009bd       234   2
D
                                  083009c0  08300cb3       2f4   4
P
                                  08300cb4  083128f7     11c44   4
W_1
                                  083128f8  0831290f        18   4
W_2
                                  08312910  08312953        44   2
W
                                  08312954  08312954         0   4
L
                                  08312954  08313eac      1559   4
BAplProgEnd
                                  083ffff8  083ffffb         4   4
B_1
                                  08400000  084057ed      57ee   1
R_1
                                  084057ee  0840591e       131   1
B_2
                                  08405920  0840594b        2c   2
R_2
                                  0840594c  08405b7f       234   2
B
                                  08405b80  0840620f       690   4
R
                                  08406210  08406503       2f4   4
BAplWorkEnd
                                  08500000  08500003         4   4
